
> findbyface@1.0.0 dev
> astro dev --host 127.0.0.1 --port 4399

[vite] connected.
[2m21:41:16[22m [34m[types][39m Generated [2m2ms[22m
[vite] connected.
[2m21:41:17[22m [34m[content][39m Syncing content
[2m21:41:17[22m [34m[content][39m Astro config changed
[2m21:41:17[22m [34m[content][39m Clearing content store
[2m21:41:17[22m [34m[content][39m Synced content
[2m21:41:17[22m [34m[vite][39m Re-optimizing dependencies because vite config has changed
[42m[1m astro [22m[49m [32mv6.1.5[39m [2mready in[22m 31573 [2mms[22m
[2m┃[22m Local    [36mhttp://127.0.0.1:4399/[39m
[2m21:41:17[22m [32mwatching for file changes...[39m
[2m21:41:32[22m [34m[200][39m /onlyfans-search/ [2m85ms[22m
[2m21:41:33[22m [34m[vite][39m [32m✨ new dependencies optimized: [33mastro/runtime/client/dev-toolbar/entrypoint.js, botid/client/core[32m[39m
[2m21:41:33[22m [34m[vite][39m [32m✨ optimized dependencies changed. reloading[39m
[2m21:41:33[22m [34m[200][39m /api/search [2m263ms[22m
[2m21:41:33[22m [33m[404][39m /149e9513-01fa-4fb0-aad4-566afd725d1b/2d206a39-8ed7-437e-a3be-862e0f06eea3/a-4-a/c.js [2m4ms[22m
[2m21:41:34[22m [34m[200][39m /api/search-ad [2m95ms[22m
[2m21:41:35[22m [31m[502][39m /api/search-suggestions [2m79ms[22m
[2m21:41:44[22m [34m[200][39m /onlyfans-search/ [2m7ms[22m
[2m21:41:44[22m [34m[200][39m /api/search [2m1ms[22m
[2m21:41:44[22m [33m[404][39m /149e9513-01fa-4fb0-aad4-566afd725d1b/2d206a39-8ed7-437e-a3be-862e0f06eea3/a-4-a/c.js [2m2ms[22m
[2m21:41:45[22m [34m[200][39m /api/search-ad [2m1ms[22m
[2m21:41:46[22m [31m[502][39m /api/search-suggestions [2m112ms[22m
[2m21:41:59[22m [34m[200][39m /onlyfans-search/ [2m5ms[22m
[2m21:41:59[22m [34m[200][39m /api/search [2m1ms[22m
[2m21:41:59[22m [33m[404][39m /149e9513-01fa-4fb0-aad4-566afd725d1b/2d206a39-8ed7-437e-a3be-862e0f06eea3/a-4-a/c.js [2m1ms[22m
[2m21:42:00[22m [34m[200][39m /api/search-ad [2m1ms[22m
[2m21:42:00[22m [31m[502][39m /api/search-suggestions [2m115ms[22m
[2m21:42:13[22m [34m[200][39m /onlyfans-search/ [2m5ms[22m
[2m21:42:13[22m [34m[200][39m /api/search [2m2ms[22m
[2m21:42:13[22m [33m[404][39m /149e9513-01fa-4fb0-aad4-566afd725d1b/2d206a39-8ed7-437e-a3be-862e0f06eea3/a-4-a/c.js [2m1ms[22m
[2m21:42:14[22m [34m[200][39m /api/search-ad [2m0ms[22m
[2m21:42:14[22m [31m[502][39m /api/search-suggestions [2m120ms[22m
